REG_TEXT_GAMES_MTG_CARD_PRICES: douglascampospires/mtg-all-cards; target log10(USD) parsed out of the packed PRICES string, CMC clipped at the real ceiling of 16
  target=price_usd_log10 text=['CARD_TEXT', 'TYPE'] num=['CMC', 'NUMBER_OF_EDITIONS', 'power', 'toughness', 'first_edition_year'] cat=['RARITY', 'COLOR_PIE'] drop=[]
  target dist: n=28507 nuniq=1504 min=-2.0 max=3.049218022670181 mean=-0.689 std=0.698 |z|max=5.36 most_common=-1.5228787452803376@5.6%
[transformers] `DINOv3ViTImageProcessorFast` is deprecated. The `Fast` suffix for image processors has been removed; use `DINOv3ViTImageProcessor` instead.
🚨 Warning: Regression variable price_usd_log10 had extreme outliers!
  Top 10 z-scores: [5.358, 5.245, 4.7, 4.643, 4.62, 4.299, 4.233, 4.166, 4.12, 4.093]
  Bot 10 z-scores: [-1.88, -1.88, -1.88, -1.88, -1.88, -1.88, -1.88, -1.88, -1.88, -1.88]
⚠️ No GPU available, using CPU. This may lead to slow performance.
Loading weights:   0%|          | 0/199 [00:00<?, ?it/s]Loading weights: 100%|██████████| 199/199 [00:00<00:00, 6032.35it/s]
Fitting E5ColumnEncoder for column CARD_TEXT with model intfloat/e5-small-v2 for 10000 texts
🔍 [PCA variance] CARD_TEXT: 0.559
Fitting E5ColumnEncoder for column TYPE with model intfloat/e5-small-v2 for 10000 texts
🔍 [PCA variance] TYPE: 0.824
🔭 67 features → tabpfnv2  [tabular: 7 | txt_emb: 60]
Scored 0.5715 on dataset REG_TEXT_GAMES_MTG_CARD_PRICES, fold 2 in 3111 seconds. Multimodal state: all 🔥
  tabpfnv2   all        f2 = 0.5715 (3112s)
🚨 Warning: Regression variable price_usd_log10 had extreme outliers!
  Top 10 z-scores: [5.358, 5.245, 4.7, 4.643, 4.62, 4.299, 4.233, 4.166, 4.12, 4.093]
  Bot 10 z-scores: [-1.88, -1.88, -1.88, -1.88, -1.88, -1.88, -1.88, -1.88, -1.88, -1.88]
⚠️ No GPU available, using CPU. This may lead to slow performance.
Fitting E5ColumnEncoder for column CARD_TEXT with model intfloat/e5-small-v2 for 10000 texts
🔍 [PCA variance] CARD_TEXT: 0.559
Fitting E5ColumnEncoder for column TYPE with model intfloat/e5-small-v2 for 10000 texts
🔍 [PCA variance] TYPE: 0.824
🔭 67 features → tabpfnv2p5  [tabular: 7 | txt_emb: 60]
Scored 0.5876 on dataset REG_TEXT_GAMES_MTG_CARD_PRICES, fold 2 in 1423 seconds. Multimodal state: all 🔥
  tabpfnv2p5 all        f2 = 0.5876 (1424s)
🚨 Warning: Regression variable price_usd_log10 had extreme outliers!
  Top 10 z-scores: [5.358, 5.245, 4.7, 4.643, 4.62, 4.299, 4.233, 4.166, 4.12, 4.093]
  Bot 10 z-scores: [-1.88, -1.88, -1.88, -1.88, -1.88, -1.88, -1.88, -1.88, -1.88, -1.88]
⚠️ No GPU available, using CPU. This may lead to slow performance.
Fitting E5ColumnEncoder for column CARD_TEXT with model intfloat/e5-small-v2 for 9000 texts
🔍 [PCA variance] CARD_TEXT: 0.559
Fitting E5ColumnEncoder for column TYPE with model intfloat/e5-small-v2 for 9000 texts
🔍 [PCA variance] TYPE: 0.822
🔭 67 features → light  [tabular: 7 | txt_emb: 60]
🔥 Feature importances: RARITY                0.5107
CARD_TEXT_txt         0.2257
TYPE_txt              0.1096
first_edition_year    0.1072
COLOR_PIE             0.0155
CMC                   0.0154
power                 0.0107
toughness             0.0052
NUMBER_OF_EDITIONS    0.0000
dtype: float64
Scored 0.5675 on dataset REG_TEXT_GAMES_MTG_CARD_PRICES, fold 3 in 6 seconds. Multimodal state: all 🔥
  light      all        f3 = 0.5675 (6s)
🚨 Warning: Regression variable price_usd_log10 had extreme outliers!
  Top 10 z-scores: [5.358, 5.245, 4.7, 4.643, 4.62, 4.299, 4.233, 4.166, 4.12, 4.093]
  Bot 10 z-scores: [-1.88, -1.88, -1.88, -1.88, -1.88, -1.88, -1.88, -1.88, -1.88, -1.88]
⚠️ No GPU available, using CPU. This may lead to slow performance.
Fitting E5ColumnEncoder for column CARD_TEXT with model intfloat/e5-small-v2 for 9000 texts
🔍 [PCA variance] CARD_TEXT: 0.559
Fitting E5ColumnEncoder for column TYPE with model intfloat/e5-small-v2 for 9000 texts
🔍 [PCA variance] TYPE: 0.822
🔭 67 features → cat  [tabular: 7 | txt_emb: 60]
Scored 0.5804 on dataset REG_TEXT_GAMES_MTG_CARD_PRICES, fold 3 in 155 seconds. Multimodal state: all 🔥
  cat        all        f3 = 0.5804 (156s)
🚨 Warning: Regression variable price_usd_log10 had extreme outliers!
  Top 10 z-scores: [5.358, 5.245, 4.7, 4.643, 4.62, 4.299, 4.233, 4.166, 4.12, 4.093]
  Bot 10 z-scores: [-1.88, -1.88, -1.88, -1.88, -1.88, -1.88, -1.88, -1.88, -1.88, -1.88]
⚠️ No GPU available, using CPU. This may lead to slow performance.
Fitting E5ColumnEncoder for column CARD_TEXT with model intfloat/e5-small-v2 for 9000 texts
🔍 [PCA variance] CARD_TEXT: 0.559
Fitting E5ColumnEncoder for column TYPE with model intfloat/e5-small-v2 for 9000 texts
🔍 [PCA variance] TYPE: 0.822
🔭 67 features → tabm  [tabular: 7 | txt_emb: 60]
Scored 0.5852 on dataset REG_TEXT_GAMES_MTG_CARD_PRICES, fold 3 in 271 seconds. Multimodal state: all 🔥
  tabm       all        f3 = 0.5852 (272s)
🚨 Warning: Regression variable price_usd_log10 had extreme outliers!
  Top 10 z-scores: [5.358, 5.245, 4.7, 4.643, 4.62, 4.299, 4.233, 4.166, 4.12, 4.093]
  Bot 10 z-scores: [-1.88, -1.88, -1.88, -1.88, -1.88, -1.88, -1.88, -1.88, -1.88, -1.88]
⚠️ No GPU available, using CPU. This may lead to slow performance.
Fitting E5ColumnEncoder for column CARD_TEXT with model intfloat/e5-small-v2 for 10000 texts
🔍 [PCA variance] CARD_TEXT: 0.559
Fitting E5ColumnEncoder for column TYPE with model intfloat/e5-small-v2 for 10000 texts
🔍 [PCA variance] TYPE: 0.821
🔭 67 features → tabpfnv2  [tabular: 7 | txt_emb: 60]
Scored 0.5660 on dataset REG_TEXT_GAMES_MTG_CARD_PRICES, fold 3 in 2073 seconds. Multimodal state: all 🔥
  tabpfnv2   all        f3 = 0.5660 (2073s)
🚨 Warning: Regression variable price_usd_log10 had extreme outliers!
  Top 10 z-scores: [5.358, 5.245, 4.7, 4.643, 4.62, 4.299, 4.233, 4.166, 4.12, 4.093]
  Bot 10 z-scores: [-1.88, -1.88, -1.88, -1.88, -1.88, -1.88, -1.88, -1.88, -1.88, -1.88]
⚠️ No GPU available, using CPU. This may lead to slow performance.
Fitting E5ColumnEncoder for column CARD_TEXT with model intfloat/e5-small-v2 for 10000 texts
🔍 [PCA variance] CARD_TEXT: 0.559
Fitting E5ColumnEncoder for column TYPE with model intfloat/e5-small-v2 for 10000 texts
🔍 [PCA variance] TYPE: 0.821
🔭 67 features → tabpfnv2p5  [tabular: 7 | txt_emb: 60]
Scored 0.5822 on dataset REG_TEXT_GAMES_MTG_CARD_PRICES, fold 3 in 1365 seconds. Multimodal state: all 🔥
  tabpfnv2p5 all        f3 = 0.5822 (1366s)
🚨 Warning: Regression variable price_usd_log10 had extreme outliers!
  Top 10 z-scores: [5.358, 5.245, 4.7, 4.643, 4.62, 4.299, 4.233, 4.166, 4.12, 4.093]
  Bot 10 z-scores: [-1.88, -1.88, -1.88, -1.88, -1.88, -1.88, -1.88, -1.88, -1.88, -1.88]
⚠️ No GPU available, using CPU. This may lead to slow performance.
Fitting E5ColumnEncoder for column CARD_TEXT with model intfloat/e5-small-v2 for 9000 texts
🔍 [PCA variance] CARD_TEXT: 0.560
Fitting E5ColumnEncoder for column TYPE with model intfloat/e5-small-v2 for 9000 texts
🔍 [PCA variance] TYPE: 0.822
🔭 67 features → light  [tabular: 7 | txt_emb: 60]
🔥 Feature importances: RARITY                0.5202
CARD_TEXT_txt         0.2228
TYPE_txt              0.1060
first_edition_year    0.1003
CMC                   0.0185
COLOR_PIE             0.0164
power                 0.0127
toughness             0.0031
NUMBER_OF_EDITIONS    0.0000
dtype: float64
Scored 0.5502 on dataset REG_TEXT_GAMES_MTG_CARD_PRICES, fold 4 in 4 seconds. Multimodal state: all 🔥
  light      all        f4 = 0.5502 (5s)
🚨 Warning: Regression variable price_usd_log10 had extreme outliers!
  Top 10 z-scores: [5.358, 5.245, 4.7, 4.643, 4.62, 4.299, 4.233, 4.166, 4.12, 4.093]
  Bot 10 z-scores: [-1.88, -1.88, -1.88, -1.88, -1.88, -1.88, -1.88, -1.88, -1.88, -1.88]
⚠️ No GPU available, using CPU. This may lead to slow performance.
Fitting E5ColumnEncoder for column CARD_TEXT with model intfloat/e5-small-v2 for 9000 texts
🔍 [PCA variance] CARD_TEXT: 0.560
Fitting E5ColumnEncoder for column TYPE with model intfloat/e5-small-v2 for 9000 texts
🔍 [PCA variance] TYPE: 0.822
🔭 67 features → cat  [tabular: 7 | txt_emb: 60]
Scored 0.5623 on dataset REG_TEXT_GAMES_MTG_CARD_PRICES, fold 4 in 126 seconds. Multimodal state: all 🔥
  cat        all        f4 = 0.5623 (126s)
🚨 Warning: Regression variable price_usd_log10 had extreme outliers!
  Top 10 z-scores: [5.358, 5.245, 4.7, 4.643, 4.62, 4.299, 4.233, 4.166, 4.12, 4.093]
  Bot 10 z-scores: [-1.88, -1.88, -1.88, -1.88, -1.88, -1.88, -1.88, -1.88, -1.88, -1.88]
⚠️ No GPU available, using CPU. This may lead to slow performance.
Fitting E5ColumnEncoder for column CARD_TEXT with model intfloat/e5-small-v2 for 9000 texts
🔍 [PCA variance] CARD_TEXT: 0.560
Fitting E5ColumnEncoder for column TYPE with model intfloat/e5-small-v2 for 9000 texts
🔍 [PCA variance] TYPE: 0.822
🔭 67 features → tabm  [tabular: 7 | txt_emb: 60]
Scored 0.5620 on dataset REG_TEXT_GAMES_MTG_CARD_PRICES, fold 4 in 328 seconds. Multimodal state: all 🔥
  tabm       all        f4 = 0.5620 (328s)
🚨 Warning: Regression variable price_usd_log10 had extreme outliers!
  Top 10 z-scores: [5.358, 5.245, 4.7, 4.643, 4.62, 4.299, 4.233, 4.166, 4.12, 4.093]
  Bot 10 z-scores: [-1.88, -1.88, -1.88, -1.88, -1.88, -1.88, -1.88, -1.88, -1.88, -1.88]
⚠️ No GPU available, using CPU. This may lead to slow performance.
Fitting E5ColumnEncoder for column CARD_TEXT with model intfloat/e5-small-v2 for 10000 texts
🔍 [PCA variance] CARD_TEXT: 0.559
Fitting E5ColumnEncoder for column TYPE with model intfloat/e5-small-v2 for 10000 texts
🔍 [PCA variance] TYPE: 0.823
🔭 67 features → tabpfnv2  [tabular: 7 | txt_emb: 60]
Scored 0.5599 on dataset REG_TEXT_GAMES_MTG_CARD_PRICES, fold 4 in 1887 seconds. Multimodal state: all 🔥
  tabpfnv2   all        f4 = 0.5599 (1887s)
🚨 Warning: Regression variable price_usd_log10 had extreme outliers!
  Top 10 z-scores: [5.358, 5.245, 4.7, 4.643, 4.62, 4.299, 4.233, 4.166, 4.12, 4.093]
  Bot 10 z-scores: [-1.88, -1.88, -1.88, -1.88, -1.88, -1.88, -1.88, -1.88, -1.88, -1.88]
⚠️ No GPU available, using CPU. This may lead to slow performance.
Fitting E5ColumnEncoder for column CARD_TEXT with model intfloat/e5-small-v2 for 10000 texts
🔍 [PCA variance] CARD_TEXT: 0.559
Fitting E5ColumnEncoder for column TYPE with model intfloat/e5-small-v2 for 10000 texts
🔍 [PCA variance] TYPE: 0.823
🔭 67 features → tabpfnv2p5  [tabular: 7 | txt_emb: 60]
Scored 0.5845 on dataset REG_TEXT_GAMES_MTG_CARD_PRICES, fold 4 in 1332 seconds. Multimodal state: all 🔥
  tabpfnv2p5 all        f4 = 0.5845 (1333s)

=== deltas ===
     model  n_rows  delta_joint  delta_awareness
  CatBoost      15        0.062              NaN
  LightGBM      15        0.057              NaN
      TabM      15        0.075              NaN
TabPFN-2.5      15        0.068              NaN
  TabPFNv2      15        0.050              NaN
