REG_TEXT_GAMES_BGG_DESCRIPTION: sujaykapadnis/board-games (10,532 rows); every structured column is kept, including year_published and the playtime columns the JUNK regex would drop
  target=average_rating text=['description', 'mechanic', 'category'] num=['year_published', 'min_players', 'max_players', 'min_playtime', 'max_playtime', 'playing_time', 'min_age', 'users_rated'] cat=[] drop=['game_id', 'image', 'name', 'thumbnail', 'artist', 'compilation', 'designer', 'expansion', 'family', 'publisher']
  target dist: n=10532 nuniq=10274 min=1.38421 max=9.00392 mean=6.371 std=0.850 |z|max=5.86 most_common=5.75@0.0%
[transformers] `DINOv3ViTImageProcessorFast` is deprecated. The `Fast` suffix for image processors has been removed; use `DINOv3ViTImageProcessor` instead.
🚨 Warning: Regression variable average_rating had extreme outliers!
  Top 10 z-scores: [3.096, 3.012, 2.914, 2.911, 2.893, 2.86, 2.807, 2.789, 2.749, 2.702]
  Bot 10 z-scores: [-5.864, -5.321, -5.175, -5.049, -4.741, -4.402, -4.338, -4.165, -4.028, -3.92]
⚠️ No GPU available, using CPU. This may lead to slow performance.
🔭 8 features → light  [tabular: 8]
🔥 Feature importances: year_published    0.3043
max_playtime      0.2352
users_rated       0.2342
max_players       0.0839
min_age           0.0818
min_playtime      0.0377
min_players       0.0229
playing_time      0.0000
dtype: float64
Scored 0.5382 on dataset REG_TEXT_GAMES_BGG_DESCRIPTION, fold 0 in 12 seconds. Multimodal state: no_text 😶
  light      no_text    f0 = 0.5382 (13s)
🚨 Warning: Regression variable average_rating had extreme outliers!
  Top 10 z-scores: [3.096, 3.012, 2.914, 2.911, 2.893, 2.86, 2.807, 2.789, 2.749, 2.702]
  Bot 10 z-scores: [-5.864, -5.321, -5.175, -5.049, -4.741, -4.402, -4.338, -4.165, -4.028, -3.92]
⚠️ No GPU available, using CPU. This may lead to slow performance.
Loading weights:   0%|          | 0/199 [00:00<?, ?it/s]Loading weights: 100%|██████████| 199/199 [00:00<00:00, 5557.33it/s]
[transformers] Token indices sequence length is longer than the specified maximum sequence length for this model (540 > 512). Running this sequence through the model will result in indexing errors
Fitting E5ColumnEncoder for column category with model intfloat/e5-small-v2 for 9000 texts
🔍 [PCA variance] category: 0.825
Fitting E5ColumnEncoder for column description with model intfloat/e5-small-v2 for 9000 texts
🔍 [PCA variance] description: 0.325
Fitting E5ColumnEncoder for column mechanic with model intfloat/e5-small-v2 for 9000 texts
🔍 [PCA variance] mechanic: 0.912
🔭 90 features → light  [tabular: 0 | txt_emb: 90]
🔥 Feature importances: description_txt    0.4979
mechanic_txt       0.3208
category_txt       0.1813
dtype: float64
Scored 0.3959 on dataset REG_TEXT_GAMES_BGG_DESCRIPTION, fold 0 in 3076 seconds. Multimodal state: text_only 📝
  light      text_only  f0 = 0.3959 (3077s)
🚨 Warning: Regression variable average_rating had extreme outliers!
  Top 10 z-scores: [3.096, 3.012, 2.914, 2.911, 2.893, 2.86, 2.807, 2.789, 2.749, 2.702]
  Bot 10 z-scores: [-5.864, -5.321, -5.175, -5.049, -4.741, -4.402, -4.338, -4.165, -4.028, -3.92]
⚠️ No GPU available, using CPU. This may lead to slow performance.
Fitting E5ColumnEncoder for column category with model intfloat/e5-small-v2 for 9000 texts
🔍 [PCA variance] category: 0.825
Fitting E5ColumnEncoder for column description with model intfloat/e5-small-v2 for 9000 texts
🔍 [PCA variance] description: 0.325
Fitting E5ColumnEncoder for column mechanic with model intfloat/e5-small-v2 for 9000 texts
🔍 [PCA variance] mechanic: 0.912
🔭 98 features → light  [tabular: 8 | txt_emb: 90]
🔥 Feature importances: description_txt    0.3287
year_published     0.2022
users_rated        0.1456
category_txt       0.1140
mechanic_txt       0.1080
max_playtime       0.0633
min_age            0.0164
max_players        0.0114
min_players        0.0060
min_playtime       0.0043
playing_time       0.0000
dtype: float64
Scored 0.5966 on dataset REG_TEXT_GAMES_BGG_DESCRIPTION, fold 0 in 16 seconds. Multimodal state: all 🔥
  light      all        f0 = 0.5966 (17s)

=== deltas ===
   model  n_rows  delta_joint  delta_awareness
LightGBM       3        0.059              NaN
